// Jest Snapshot v1, https://goo.gl/fbAQLP

exports[`OrgValidationText Component Matches the snapshot 1`] = `
<div>
  <p>
    If you work or plan to work at an organization that works with children and/or vulnerable adults in BC, you need to apply and consent to a criminal record check. This portal enables you to easily apply to a criminal record check under the
     
    <a
      href="http://www.bclaws.ca/EPLibraries/bclaws_new/document/ID/freeside/00_96086_01"
    >
      Criminal Records Review Act (CRRA).
    </a>
  </p>
  <div>
    <div>
      <h3>
        I'm ready
      </h3>
      <p>
        To submit an online request for a criminal record check, you must:
      </p>
      <ul
        className="bodyList"
      >
        <li>
          Be at least 12 years of age as of today's date
        </li>
        <li>
          Have an access code provided by your organization
        </li>
        <li>
          Have your identity verified through an Electronic Verification Identity (EIV) process.
          <p
            style={
              Object {
                "fontStyle": "italic",
              }
            }
          >
            <strong>
               NOTE. 
            </strong>
            Not all individuals will be able to use an EIV process and may be required to submit the request to a criminal record check through a manual process.
          </p>
        </li>
      </ul>
      <div
        style={
          Object {
            "float": "left",
            "maxWidth": "350px",
          }
        }
      >
        <p>
          Enter the access code provided by your organization. An access code is required to proceed with the online submission:
        </p>
      </div>
      <div
        style={
          Object {
            "float": "left",
          }
        }
      >
        <div>
          <div>
            <label
              className="label"
              htmlFor="orgId"
            >
              <div
                className="textinput_label"
              >
                Access code
              </div>
              <span
                className="mandatory"
                id="asterisk"
              >
                *
              </span>
              Â 
              <span
                className="note"
              />
            </label>
            <input
              className="textinput_editable_white"
              id="orgId"
              onChange={[Function]}
              type="text"
            />
            <span
              className="error"
            />
          </div>
        </div>
        <div>
          <strong>
            Access code must be entered to proceed *
          </strong>
        </div>
        <p />
        <div
          style={
            Object {
              "float": "right",
            }
          }
        >
          <button
            className="btn btn-primary btn btn-sm"
            onClick={[Function]}
            type="submit"
          >
            Validate
            <div
              className="loader-hide"
            >
              <div
                className="btn-loader"
              />
            </div>
          </button>
        </div>
      </div>
      <div
        style={
          Object {
            "clear": "both",
          }
        }
      />
    </div>
    <br />
    <div>
      <h3>
        I need more information
      </h3>
      <ul
        className="bodyList"
      >
        <li>
          <a
            href="volunteer"
          >
            I'm an employee or a volunteer
          </a>
           and I want to know
           
          <a
            href="http://www.rcmp-grc.gc.ca/en/types-criminal-background-checks"
          >
            why I need to apply for a criminal record check
          </a>
        </li>
        <li>
          <a
            href="https://www2.gov.bc.ca/gov/content/safety/crime-prevention/criminal-record-check/organization-registration/employee-organization-registration/employee-contact-registration"
          >
            I'm an authorized contact
          </a>
           
          who is responsible for facilitating the criminal record check for my organization
        </li>
        <li>
          <a
            href="https://www2.gov.bc.ca/gov/content/safety/crime-prevention/criminal-record-check/employer-organizations"
          >
            I'm an employer organization
          </a>
           
          and I want to learn more about registering with the Criminal Record Review Program (CRRP)
        </li>
        <li>
          <a
            href="https://www2.gov.bc.ca/gov/content/safety/crime-prevention/criminal-record-check/volunteer-organizations"
          >
            I'm a volunteer organization
          </a>
           
          and I want to register with the CRRP
        </li>
      </ul>
    </div>
    <br />
    <div>
      <h3>
        I need help
      </h3>
      <p>
        To get your organization access code, contact
         
        <strong
          style={
            Object {
              "fontStyle": "italic",
            }
          }
        >
          your organization
        </strong>
      </p>
      <p>
        For questions about the online submission process or to register your organization, contact the Criminal Record Review Program (CRRP) at
         
        <a
          href="mailto:criminalrecords@gov.bc.ca"
        >
          criminalrecords@gov.bc.ca
        </a>
         
        or by phone at 1-855-587-0185 (Option 2).
      </p>
    </div>
    <br />
  </div>
</div>
`;
