// Jest Snapshot v1, https://goo.gl/fbAQLP

exports[`Loader Component Matches the snapshot 1`] = `
<div
  className="btn-loader"
/>
`;
