// Jest Snapshot v1, https://goo.gl/fbAQLP

exports[`TextInput Component Matches the snapshot 1`] = `
<div>
  <label
    className="label"
    htmlFor="textInputId"
  >
    <div
      className="textinput_label"
    >
      button label
    </div>
    
    Â 
    <span
      className="note"
    />
  </label>
  <input
    className="textinput_editable_white"
    defaultValue="init value"
    id="textInputId"
    onChange={[Function]}
    type="text"
  />
  <br />
  <span
    className="error"
  />
</div>
`;
