// Jest Snapshot v1, https://goo.gl/fbAQLP

exports[`TableElement Component Matches the snapshot 1`] = `
<tr>
  <td>
    Somewhere
  </td>
  <td>
    Some value
  </td>
</tr>
`;
