// Jest Snapshot v1, https://goo.gl/fbAQLP

exports[`SideCards Component AccessCode sidecard 1`] = `
<div>
  <div
    className="dashboard-spacing"
    style={
      Object {
        "position": "relative",
      }
    }
  >
    <div
      className="row"
    >
      <div
        className="col-12"
        style={
          Object {
            "paddingTop": "30px",
            "position": "relative",
          }
        }
      >
        <p />
        <section
          className="bluegrey-container"
          id="bluegrey-section"
        >
          <div
            className="container-background bluegrey-heading"
          >
            <h2
              className="heading-style"
            >
              Need help with an access code?
            </h2>
          </div>
          <div
            className="bluegrey-content"
          >
            <p
              className="content-style"
            >
              Access code is specific to each organization. If you need help with the organization access code, please 
              <b
                className="block"
              >
                contact your organization.
              </b>
            </p>
          </div>
        </section>
      </div>
    </div>
  </div>
</div>
`;

exports[`SideCards Component AccessCode sidecard 2`] = `
<div>
  <div
    className="dashboard-spacing"
    style={
      Object {
        "position": "relative",
      }
    }
  >
    <div
      className="row"
    >
      <div
        className="col-12"
        style={
          Object {
            "paddingTop": "30px",
            "position": "relative",
          }
        }
      >
        <p />
        <section
          className="submit-container"
          id="blue-section"
        >
          <h2
            className="heading-style"
          >
            Useful Links
          </h2>
          <div
            className="submit-content"
          >
            <p>
              <li
                className="menuItem"
              >
                <a
                  href="/"
                >
                  Home
                </a>
              </li>
              <li
                className="menuItem"
              >
                <a
                  href="/somewhere"
                >
                  Somewhere
                </a>
              </li>
              <li
                className="menuItem"
              >
                <a
                  href="/somewhereelse"
                >
                  Somewhere else
                </a>
              </li>
              <li
                className="menuItem"
              >
                <a
                  href="/here"
                >
                  Somewhere with a long name for no reason
                </a>
              </li>
            </p>
          </div>
        </section>
      </div>
    </div>
  </div>
</div>
`;

exports[`SideCards Component BcServices sidecard 1`] = `
<div>
  <div
    className="dashboard-spacing"
    style={
      Object {
        "position": "relative",
      }
    }
  >
    <div
      className="row"
    >
      <div
        className="col-12"
        style={
          Object {
            "paddingTop": "30px",
            "position": "relative",
          }
        }
      >
        <p />
        <section
          className="submit-container"
          id="blue-section"
        >
          <h2
            className="heading-style"
          >
            Get a BC Services Card
          </h2>
          <div
            className="submit-content"
          >
            <p>
              B.C. residents who have lived in the province for at least six months must use a BC Services Card to log in to the online qualification tool. Learn how to get a card.
              <button
                className="btn btn-primary dark-button btn btn-md"
                onClick={[Function]}
                type="submit"
              >
                READ MORE
              </button>
            </p>
          </div>
        </section>
      </div>
    </div>
  </div>
</div>
`;

exports[`SideCards Component ContactInformation sidecard 1`] = `
<div>
  <div
    className="dashboard-spacing"
    style={
      Object {
        "position": "relative",
      }
    }
  >
    <div
      className="row"
    >
      <div
        className="col-12"
        style={
          Object {
            "paddingTop": "30px",
            "position": "relative",
          }
        }
      >
        <p />
        <section
          className="bluegrey-container"
          id="bluegrey-section"
        >
          <div
            className="container-background bluegrey-heading"
          >
            <h2
              className="heading-style"
            >
              Contact Information
            </h2>
          </div>
          <div
            className="bluegrey-content"
          >
            <p
              className="content-style"
            >
              Criminal Records Review Program staff are available Monday to Friday from 8:30 a.m. - 4:30 p.m.
              <b>
                Office:
              </b>
              Toll free - 1 855 587-0185 (press option 2)
              <b>
                Email:
              </b>
              criminalrecords@gov.bc.ca
            </p>
          </div>
        </section>
      </div>
    </div>
  </div>
</div>
`;

exports[`SideCards Component CriminalRecord sidecard 1`] = `
<div>
  <div
    className="dashboard-spacing"
    style={
      Object {
        "position": "relative",
      }
    }
  >
    <div
      className="row"
    >
      <div
        className="col-12"
        style={
          Object {
            "paddingTop": "30px",
            "position": "relative",
          }
        }
      >
        <p />
        <section
          className="submit-container"
          id="blue-section"
        >
          <h2
            className="heading-style"
          >
            Why do I need to apply and consent to a criminal record check?
          </h2>
          <div
            className="submit-content"
          >
            <p>
              Learn more about the process
              <button
                className="btn btn-primary dark-button btn btn-md"
                onClick={[Function]}
                type="submit"
              >
                VISIT THE CRIMINAL RECORD REVIEW WEBSITE
              </button>
            </p>
          </div>
        </section>
      </div>
    </div>
  </div>
</div>
`;
