// Jest Snapshot v1, https://goo.gl/fbAQLP

exports[`FullName Component Matches the snapshot 1`] = `
<form
  className="simpleForm"
>
  <div
    className="simpleForm_title"
  >
    Full Name
  </div>
  <ul>
    <li>
      <div>
        <label
          className="label"
          htmlFor="firstName"
        >
          <div
            className="textinput_label"
          >
            First Name
          </div>
          
           
          <span
            className="note"
          />
        </label>
        <input
          className="textinput_non_editable_gray"
          defaultValue="First"
          id="firstName"
          onChange={[Function]}
          readOnly={true}
          type="text"
        />
        <br />
        <span
          className="error"
        />
      </div>
    </li>
    <li>
      <div>
        <label
          className="label"
          htmlFor="middleName"
        >
          <div
            className="textinput_label"
          >
            Middle Name
          </div>
          
           
          <span
            className="note"
          />
        </label>
        <input
          className="textinput_non_editable_gray"
          defaultValue="Middle"
          id="middleName"
          onChange={[Function]}
          readOnly={true}
          type="text"
        />
        <br />
        <span
          className="error"
        />
      </div>
    </li>
    <li>
      <div>
        <label
          className="label"
          htmlFor="lastName"
        >
          <div
            className="textinput_label"
          >
            Last Name
          </div>
          
           
          <span
            className="note"
          />
        </label>
        <input
          className="textinput_non_editable_gray"
          defaultValue="Last"
          id="lastName"
          onChange={[Function]}
          readOnly={true}
          type="text"
        />
        <br />
        <span
          className="error"
        />
      </div>
    </li>
  </ul>
</form>
`;
