// Jest Snapshot v1, https://goo.gl/fbAQLP

exports[`SimpleForm Component Matches the snapshot 1`] = `
<form
  className="simpleForm"
>
  <div
    className="simpleForm_title"
  >
    title
  </div>
  <ul>
    <li>
      <div>
        <label
          className="label"
          htmlFor="textInput1"
        >
          <div
            className="textinput_label"
          >
            label1
          </div>
          
           
          <span
            className="note"
          />
        </label>
        <input
          className="textinput_editable_white"
          id="textInput1"
          onChange={[Function]}
          type="text"
        />
        <span
          className="error"
        />
      </div>
    </li>
    <li>
      <div>
        <label
          className="label"
          htmlFor="textInput3"
        >
          <div
            className="textinput_label"
          >
            label3
          </div>
          <span
            className="mandatory"
            id="asterisk"
          >
            *
          </span>
           
          <span
            className="note"
          />
        </label>
        <input
          className="textinput_editable_gray"
          id="textInput3"
          onChange={[Function]}
          type="text"
        />
        <span
          className="error"
        />
      </div>
    </li>
  </ul>
  <ul
    id="buttonList"
  >
    <li>
      <button
        className="btn btn-warning btn btn-lg"
        onClick={[Function]}
        type="button"
      >
        button2
        <div
          className="loader-hide"
        >
          <div
            className="btn-loader"
          />
        </div>
      </button>
    </li>
    <li>
      <button
        className="btn btn-danger btn btn-sm"
        onClick={[Function]}
        type="button"
      >
        button3
        <div
          className="loader-hide"
        >
          <div
            className="btn-loader"
          />
        </div>
      </button>
    </li>
  </ul>
</form>
`;
