// Jest Snapshot v1, https://goo.gl/fbAQLP

exports[`ApplicationForm Component Matches the snapshot 1`] = `
<DocumentFragment>
  <main>
    <header>
      <nav
        class="navbar navbar-expand-lg navbar-dark"
      >
        <div
          class="container"
        >
          <a
            class="navbar-brand"
            href="/"
          >
            <img
              alt="B.C. Government Logo"
              class="img-fluid d-none d-md-block"
              height="44"
              src="/images/bcid-logo-rev-en.svg"
              width="181"
            />
            <img
              alt="B.C. Government Logo"
              class="img-fluid d-md-none"
              height="44"
              src="/images/bcid-symbol-rev.svg"
              width="64"
            />
          </a>
          <div>
            <a
              class="navbar-brand nav-item nav-link"
              href="/"
            >
              Criminal Record Check
            </a>
          </div>
          <button
            aria-controls="navbarNavAltMarkup"
            aria-expanded="false"
            aria-label="Toggle navigation"
            class="navbar-toggler"
            data-target="#navbarNavAltMarkup"
            data-toggle="collapse"
            type="button"
          >
            <span
              class="navbar-toggler-icon"
            />
          </button>
          <div
            class="collapse navbar-collapse"
            id="navbarNavAltMarkup"
          />
        </div>
      </nav>
    </header>
    <div
      class="page"
    >
      <div
        class="content col-md-8"
      >
        <h1>
          Criminal Record Check - Application
        </h1>
        <p>
          Complete the application form below to continue.
        </p>
        <form
          class="simpleForm"
        >
          <div
            class="simpleForm_title"
          >
            PERSONAL INFORMATION
          </div>
          <ul>
            <li>
              <div>
                <label
                  class="label"
                  for="legalFirstNm"
                >
                  <div
                    class="textinput_label"
                  >
                    First Name
                  </div>
                   
                  <span
                    class="note"
                  />
                </label>
                <input
                  class="textinput_non_editable_gray"
                  id="legalFirstNm"
                  readonly=""
                  type="text"
                  value="Robert"
                />
                <span
                  class="error"
                />
              </div>
            </li>
            <li>
              <div>
                <label
                  class="label"
                  for="legalSecondNm"
                >
                  <div
                    class="textinput_label"
                  >
                    Middle Name
                  </div>
                   
                  <span
                    class="note"
                  />
                </label>
                <input
                  class="textinput_non_editable_gray"
                  id="legalSecondNm"
                  readonly=""
                  type="text"
                  value="Norman"
                />
                <span
                  class="error"
                />
              </div>
            </li>
            <li>
              <div>
                <label
                  class="label"
                  for="legalSurnameNm"
                >
                  <div
                    class="textinput_label"
                  >
                    Last Name
                  </div>
                   
                  <span
                    class="note"
                  />
                </label>
                <input
                  class="textinput_non_editable_gray"
                  id="legalSurnameNm"
                  readonly=""
                  type="text"
                  value="Ross"
                />
                <span
                  class="error"
                />
              </div>
            </li>
          </ul>
        </form>
        <div
          class="heading"
        >
          <span
            class="previousHeader"
          >
            PREVIOUS NAME 
          </span>
          <span
            class="note"
          >
            Including birth name, previous name, maiden name, and/or alias
          </span>
        </div>
        <form
          class="simpleForm"
        >
          <ul>
            <li>
              <div>
                <label
                  class="label"
                  for="alias1First"
                >
                  <div
                    class="textinput_label"
                  >
                    First Name
                  </div>
                   
                  <span
                    class="note"
                  />
                </label>
                <input
                  class="textinput_editable_white"
                  id="alias1First"
                  type="text"
                  value=""
                />
                <span
                  class="error"
                />
              </div>
            </li>
            <li>
              <div>
                <label
                  class="label"
                  for="alias1Seocnd"
                >
                  <div
                    class="textinput_label"
                  >
                    Middle Name
                  </div>
                   
                  <span
                    class="note"
                  />
                </label>
                <input
                  class="textinput_editable_white"
                  id="alias1Seocnd"
                  type="text"
                  value=""
                />
                <span
                  class="error"
                />
              </div>
            </li>
            <li>
              <div>
                <label
                  class="label"
                  for="alias1Surname"
                >
                  <div
                    class="textinput_label"
                  >
                    Last Name
                  </div>
                   
                  <span
                    class="note"
                  />
                </label>
                <input
                  class="textinput_editable_white"
                  id="alias1Surname"
                  type="text"
                  value=""
                />
                <span
                  class="error"
                />
              </div>
            </li>
          </ul>
        </form>
        <span
          class="heading note previousFooter"
        >
          If you have more than one previous name, please 
          <button
            class="notAButton"
            type="button"
          >
            click here to add them
          </button>
          .
        </span>
        <form
          class="simpleForm"
        >
          <ul>
            <li>
              <div>
                <label
                  class="label"
                  for="birthLoc"
                >
                  <div
                    class="textinput_label"
                  >
                    City and Country of Birth
                  </div>
                  <span
                    class="mandatory"
                    id="asterisk"
                  >
                    *
                  </span>
                   
                  <span
                    class="note"
                  />
                </label>
                <input
                  class="textinput_editable_white"
                  id="birthLoc"
                  placeholder="City, Country"
                  type="text"
                  value=""
                />
                <span
                  class="error"
                />
              </div>
            </li>
            <li>
              <div>
                <label
                  class="label"
                  for="birthDt"
                >
                  <div
                    class="textinput_label"
                  >
                    Date of Birth
                  </div>
                   
                  <span
                    class="note"
                  />
                </label>
                <input
                  class="textinput_non_editable_gray"
                  id="birthDt"
                  readonly=""
                  type="text"
                  value="1942-10-29"
                />
                <span
                  class="error"
                />
              </div>
            </li>
            <li>
              <div>
                <label
                  class="label"
                  for="genderTxt"
                >
                  <div
                    class="textinput_label"
                  >
                    Sex
                  </div>
                   
                  <span
                    class="note"
                  />
                </label>
                <input
                  class="textinput_non_editable_gray"
                  id="genderTxt"
                  readonly=""
                  type="text"
                  value="Male"
                />
                <span
                  class="error"
                />
              </div>
            </li>
            <li>
              <div>
                <label
                  class="label"
                  for="bcDLNumber"
                >
                  <div
                    class="textinput_label"
                  >
                    BC Driver's Licence Number
                  </div>
                   
                  <span
                    class="note"
                  >
                    (Current or Expired)
                  </span>
                </label>
                <input
                  class="textinput_editable_white"
                  id="bcDLNumber"
                  type="text"
                  value=""
                />
                <span
                  class="error"
                />
              </div>
            </li>
            <li>
              <div>
                <label
                  class="label"
                  for="phoneNumber"
                >
                  <div
                    class="textinput_label"
                  >
                    Primary Phone Number
                  </div>
                  <span
                    class="mandatory"
                    id="asterisk"
                  >
                    *
                  </span>
                   
                  <span
                    class="note"
                  >
                    (Include area code)
                  </span>
                </label>
                <input
                  class="textinput_editable_white"
                  id="phoneNumber"
                  placeholder="123 456 7890"
                  type="text"
                  value=""
                />
                <span
                  class="error"
                />
              </div>
            </li>
            <li>
              <div>
                <label
                  class="label"
                  for="emailAddress"
                >
                  <div
                    class="textinput_label"
                  >
                    Personal Email Address
                  </div>
                  <span
                    class="mandatory"
                    id="asterisk"
                  >
                    *
                  </span>
                   
                  <span
                    class="note"
                  >
                    We may use this to communicate with you about your application.
                  </span>
                </label>
                <input
                  class="textinput_editable_white"
                  id="emailAddress"
                  placeholder="example@test.com"
                  type="text"
                  value=""
                />
                <span
                  class="error"
                />
              </div>
            </li>
          </ul>
        </form>
        <form
          class="simpleForm"
        >
          <div
            class="simpleForm_title"
          >
            Position Information
          </div>
          <ul>
            <li>
              <div>
                <label
                  class="label"
                  for="applicantPosition"
                >
                  <div
                    class="textinput_label"
                  >
                    Applicant's position/Job Title
                  </div>
                  <span
                    class="mandatory"
                    id="asterisk"
                  >
                    *
                  </span>
                   
                  <span
                    class="note"
                  />
                </label>
                <input
                  class="textinput_editable_white"
                  id="applicantPosition"
                  placeholder="Position/Job Title"
                  type="text"
                  value=""
                />
                <span
                  class="error"
                />
              </div>
            </li>
            <li>
              <div>
                <label
                  class="label"
                  for="organizationFacility"
                >
                  <div
                    class="textinput_label"
                  >
                    Organization Facility
                  </div>
                  <span
                    class="mandatory"
                    id="asterisk"
                  >
                    *
                  </span>
                   
                  <span
                    class="note"
                  >
                    (Licenced Child Care Name, Adult Care Facility Name, or Contracted Company Name)
                  </span>
                </label>
                <input
                  class="textinput_editable_white"
                  id="organizationFacility"
                  placeholder="Organization Facility"
                  type="text"
                  value=""
                />
                <span
                  class="error"
                />
              </div>
            </li>
          </ul>
        </form>
        <div
          class="smallHeading"
        >
          <span
            class="simpleForm_title"
          >
            Addresses
          </span>
        </div>
        <div
          class="heading"
        >
          <span
            class="previousHeader"
          >
            Current Residential Address
          </span>
        </div>
        <form
          class="simpleForm"
        >
          <ul>
            <li>
              <div>
                <label
                  class="label"
                  for="addressLine1"
                >
                  <div
                    class="textinput_label"
                  >
                    Street
                  </div>
                   
                  <span
                    class="note"
                  />
                </label>
                <input
                  class="textinput_non_editable_gray"
                  id="addressLine1"
                  readonly=""
                  type="text"
                  value="123 Somewhere"
                />
                <span
                  class="error"
                />
              </div>
            </li>
            <li>
              <div>
                <label
                  class="label"
                  for="cityNm"
                >
                  <div
                    class="textinput_label"
                  >
                    City
                  </div>
                   
                  <span
                    class="note"
                  />
                </label>
                <input
                  class="textinput_non_editable_gray"
                  id="cityNm"
                  readonly=""
                  type="text"
                  value="Here"
                />
                <span
                  class="error"
                />
              </div>
            </li>
            <li>
              <div>
                <label
                  class="label"
                  for="provinceNm"
                >
                  <div
                    class="textinput_label"
                  >
                    Province
                  </div>
                   
                  <span
                    class="note"
                  />
                </label>
                <input
                  class="textinput_non_editable_gray"
                  id="provinceNm"
                  readonly=""
                  type="text"
                  value="British Columbia"
                />
                <span
                  class="error"
                />
              </div>
            </li>
            <li>
              <div>
                <label
                  class="label"
                  for="postalCodeTxt"
                >
                  <div
                    class="textinput_label"
                  >
                    Postal Code
                  </div>
                   
                  <span
                    class="note"
                  />
                </label>
                <input
                  class="textinput_non_editable_gray"
                  id="postalCodeTxt"
                  readonly=""
                  type="text"
                  value="V9V 9V9"
                />
                <span
                  class="error"
                />
              </div>
            </li>
            <li>
              <div>
                <label
                  class="label"
                  for="countryNm"
                >
                  <div
                    class="textinput_label"
                  >
                    Country
                  </div>
                   
                  <span
                    class="note"
                  />
                </label>
                <input
                  class="textinput_non_editable_gray"
                  id="countryNm"
                  readonly=""
                  type="text"
                  value="Canada"
                />
                <span
                  class="error"
                />
              </div>
            </li>
          </ul>
        </form>
        <p
          class="heading"
        >
          Is your current mailing address the same as your current residential address? 
        </p>
        <div
          class="heading"
        >
          <span>
            Yes 
          </span>
          <input
            checked=""
            data-testid="sameAddress"
            id="yes"
            type="radio"
          />
          <span>
             No 
          </span>
          <input
            data-testid="differentAddress"
            id="no"
            type="radio"
          />
        </div>
        <br />
        <div
          class="heading"
        >
          <span
            class="previousHeader"
          >
            Current Mailing Address
          </span>
        </div>
        <form
          class="simpleForm"
        >
          <ul>
            <li>
              <div>
                <label
                  class="label"
                  for="mailingAddressLine1"
                >
                  <div
                    class="textinput_label"
                  >
                    Street
                  </div>
                  <span
                    class="mandatory"
                    id="asterisk"
                  >
                    *
                  </span>
                   
                  <span
                    class="note"
                  />
                </label>
                <input
                  class="textinput_editable_white"
                  id="mailingAddressLine1"
                  placeholder="Street or PO Box"
                  type="text"
                  value="123 Somewhere"
                />
                <span
                  class="error"
                />
              </div>
            </li>
            <li>
              <div>
                <label
                  class="label"
                  for="mailingCityNm"
                >
                  <div
                    class="textinput_label"
                  >
                    City
                  </div>
                  <span
                    class="mandatory"
                    id="asterisk"
                  >
                    *
                  </span>
                   
                  <span
                    class="note"
                  />
                </label>
                <input
                  class="textinput_editable_white"
                  id="mailingCityNm"
                  placeholder="City"
                  type="text"
                  value="Here"
                />
                <span
                  class="error"
                />
              </div>
            </li>
            <li>
              <div>
                <label
                  class="label"
                  for="mailingProvinceNm"
                >
                  <div
                    class="textinput_label"
                  >
                    Province
                  </div>
                  <span
                    class="mandatory"
                    id="asterisk"
                  >
                    *
                  </span>
                   
                  <span
                    class="note"
                  />
                </label>
                <select
                  class="textinput_editable_white"
                  id="mailingProvinceNm"
                >
                  <option
                    value="British Columbia"
                  >
                    British Columbia
                  </option>
                  <option
                    value="Ontario"
                  >
                    Ontario
                  </option>
                  <option
                    value="Alberta"
                  >
                    Alberta
                  </option>
                </select>
              </div>
            </li>
            <li>
              <div>
                <label
                  class="label"
                  for="mailingPostalCodeTxt"
                >
                  <div
                    class="textinput_label"
                  >
                    Postal Code
                  </div>
                  <span
                    class="mandatory"
                    id="asterisk"
                  >
                    *
                  </span>
                   
                  <span
                    class="note"
                  />
                </label>
                <input
                  class="textinput_editable_white"
                  id="mailingPostalCodeTxt"
                  placeholder="V9V 9V9"
                  type="text"
                  value="V9V 9V9"
                />
                <span
                  class="error"
                />
              </div>
            </li>
            <li>
              <div>
                <label
                  class="label"
                  for="mailingCountryNm"
                >
                  <div
                    class="textinput_label"
                  >
                    Country
                  </div>
                   
                  <span
                    class="note"
                  />
                </label>
                <input
                  class="textinput_non_editable_gray"
                  id="mailingCountryNm"
                  readonly=""
                  type="text"
                  value="Canada"
                />
                <span
                  class="error"
                />
              </div>
            </li>
          </ul>
        </form>
        <section>
          Entering your mailing address in this application will not update your BC Services Card Address. To update your BC Services Card information you must contact 
          <a
            href="https://www2.gov.bc.ca/gov/content/governments/organizational-structure/ministries-organizations/ministries/citizens-services/servicebc"
          >
            Service BC
          </a>
          , 
          <a
            href="https://www.icbc.com/Pages/default.aspx"
          >
            ICBC
          </a>
           or 
          <a
            href="https://www.addresschange.gov.bc.ca/"
          >
            AddressChangeBC
          </a>
        </section>
        <div
          class="buttons"
        >
          <button
            class="btn ecrc_go_btn btn btn-sm"
            type="submit"
          >
            Cancel
            <div
              class="loader-hide"
            >
              <div
                class="btn-loader"
              />
            </div>
          </button>
          <button
            class="btn ecrc_go_btn btn btn-sm"
            type="submit"
          >
            Continue
            <div
              class="loader-hide"
            >
              <div
                class="btn-loader"
              />
            </div>
          </button>
        </div>
      </div>
      <div
        class="sidecard"
      >
        <div>
          <div
            class="dashboard-spacing"
            style="position: relative;"
          >
            <div
              class="row"
            >
              <div
                class="col-12"
                style="position: relative; padding-top: 30px;"
              >
                <p />
                <section
                  class="submit-container"
                  id="blue-section"
                >
                  <h2
                    class="heading-style"
                  >
                    <div
                      class="row"
                    >
                      <div
                        class="round-icon-wrapper"
                      >
                        <svg
                          class="side-card-icon"
                          fill="currentColor"
                          height="1em"
                          stroke="currentColor"
                          stroke-width="0"
                          viewBox="0 0 384 512"
                          width="1em"
                          xmlns="http://www.w3.org/2000/svg"
                        >
                          <path
                            d="M202.021 0C122.202 0 70.503 32.703 29.914 91.026c-7.363 10.58-5.093 25.086 5.178 32.874l43.138 32.709c10.373 7.865 25.132 6.026 33.253-4.148 25.049-31.381 43.63-49.449 82.757-49.449 30.764 0 68.816 19.799 68.816 49.631 0 22.552-18.617 34.134-48.993 51.164-35.423 19.86-82.299 44.576-82.299 106.405V320c0 13.255 10.745 24 24 24h72.471c13.255 0 24-10.745 24-24v-5.773c0-42.86 125.268-44.645 125.268-160.627C377.504 66.256 286.902 0 202.021 0zM192 373.459c-38.196 0-69.271 31.075-69.271 69.271 0 38.195 31.075 69.27 69.271 69.27s69.271-31.075 69.271-69.271-31.075-69.27-69.271-69.27z"
                          />
                        </svg>
                      </div>
                      <div
                        class="sideCardTitle"
                      >
                        Update your BC Services Card Information
                      </div>
                    </div>
                  </h2>
                  <div
                    class="submit-content"
                  >
                    <span>
                      If you find an error with your:
                      <ul
                        class="discStyle"
                      >
                        <li>
                          First Name
                        </li>
                        <li>
                          Middle Name
                        </li>
                        <li>
                          Last Name
                        </li>
                        <li>
                          Date of Birth
                        </li>
                        <li>
                          Sex
                        </li>
                        <li>
                          Current Street Address
                        </li>
                      </ul>
                      Please contact either 
                      <a
                        class="link"
                        href="https://www2.gov.bc.ca/gov/content/governments/organizational-structure/ministries-organizations/ministries/citizens-services/servicebc"
                      >
                        Service BC
                      </a>
                      , 
                      <a
                        class="link"
                        href="https://www.icbc.com/Pages/default.aspx"
                      >
                        ICBC
                      </a>
                       or 
                      <a
                        class="link"
                        href="https://www.addresschange.gov.bc.ca/"
                      >
                        AddressChangeBC
                      </a>
                       to correct it.
                    </span>
                  </div>
                </section>
              </div>
            </div>
          </div>
        </div>
        <div>
          <div
            class="wide-dashboard-spacing"
            style="position: relative;"
          >
            <div
              class="row"
            >
              <div
                class="col-12"
                style="position: relative; padding-top: 30px;"
              >
                <p />
                <section
                  class="submit-container"
                  id="notice-section"
                  style="background-color: rgb(242, 242, 242); color: rgb(0, 0, 0);"
                >
                  <h2
                    style="color: rgb(0, 0, 0);"
                  >
                    Collection Notice
                  </h2>
                  <div
                    class="submit-content"
                  >
                    <span>
                      <div
                        style="font-size: 12px;"
                      >
                        The Security Programs Division will collect your personal information for the purpose of fulfilling the criminal record check requirements of the Criminal Records Review Act (CRRA) and in accordance with sections 26(a) and (c) of the Freedom of Information and Protection of Privacy Act (FoIPPA) and section 6 of the CRRA . Additionally, SPD may collect personal information under section 26(e) of FoIPPA for the purpose of evaluating the Criminal Records Review Program and activities to better serve you. Should you have any questions about the collection, use, or disclosure of personal information, please contact the Criminal Records Review Program, Security Programs Division via mail to PO Box 9217 Stn Prov Govt Victoria, BC V8W 9J1; email to 
                        <a
                          href="mailto:criminalrecords@gov.bc.ca"
                        >
                          criminalrecords@gov.bc.ca
                        </a>
                         or by telephone at 1- 855-587-0185 (option 2).
                      </div>
                    </span>
                  </div>
                </section>
              </div>
            </div>
          </div>
        </div>
      </div>
    </div>
    <footer
      class="footer"
    >
      <nav
        class="navbar navbar-expand-sm navbar-dark"
      >
        <div
          class="container"
        >
          <ul
            class="navbar-nav"
          >
            <li
              class="nav-item"
            >
              <a
                class="nav-link"
                href="https://www2.gov.bc.ca/gov/content/home/disclaimer"
                rel="noopener noreferrer"
                target="_blank"
              >
                Disclaimer
              </a>
            </li>
            <li
              class="nav-item"
            >
              <a
                class="nav-link"
                href="https://www2.gov.bc.ca/gov/content/home/privacy"
                rel="noopener noreferrer"
                target="_blank"
              >
                Privacy
              </a>
            </li>
            <li
              class="nav-item"
            >
              <a
                class="nav-link"
                href="https://www2.gov.bc.ca/gov/content/home/accessibility"
                rel="noopener noreferrer"
                target="_blank"
              >
                Accessibility
              </a>
            </li>
            <li
              class="nav-item"
            >
              <a
                class="nav-link"
                href="https://www2.gov.bc.ca/gov/content/home/copyright"
                rel="noopener noreferrer"
                target="_blank"
              >
                Copyright
              </a>
            </li>
            <li
              class="nav-item"
            >
              <a
                class="nav-link"
                href="https://www2.gov.bc.ca/gov/content/home/contact-us"
                rel="noopener noreferrer"
                target="_blank"
              >
                Contact Us
              </a>
            </li>
          </ul>
        </div>
      </nav>
    </footer>
  </main>
</DocumentFragment>
`;
