// Jest Snapshot v1, https://goo.gl/fbAQLP

exports[`InformationReview Component Matches the snapshot 1`] = `
<main>
  <header>
    <nav
      className="navbar navbar-expand-lg navbar-dark"
    >
      <div
        className="container"
      >
        <a
          className="navbar-brand"
          href="/"
        >
          <img
            alt="B.C. Government Logo"
            className="img-fluid d-none d-md-block"
            height="44"
            src="/images/bcid-logo-rev-en.svg"
            width="181"
          />
          <img
            alt="B.C. Government Logo"
            className="img-fluid d-md-none"
            height="44"
            src="/images/bcid-symbol-rev.svg"
            width="64"
          />
        </a>
        <div>
          <a
            className="navbar-brand nav-item nav-link"
            href="/"
          >
            Criminal Record Check
          </a>
        </div>
        <button
          aria-controls="navbarNavAltMarkup"
          aria-expanded="false"
          aria-label="Toggle navigation"
          className="navbar-toggler"
          data-target="#navbarNavAltMarkup"
          data-toggle="collapse"
          type="button"
        >
          <span
            className="navbar-toggler-icon"
          />
        </button>
        <div
          className="collapse navbar-collapse"
          id="navbarNavAltMarkup"
        />
      </div>
    </nav>
  </header>
  <div
    className="page"
  >
    <div
      className="content col-md-8"
    >
      <h1>
        Information Review
      </h1>
      <p>
        Please confirm that the information provided below is accurate. If it is not, please select Edit Application.
      </p>
      <table>
        <thead>
          <tr>
            <th
              colSpan="2"
            >
              PERSONAL INFORMATION
            </th>
          </tr>
        </thead>
        <tbody>
          <tr>
            <td>
              First Name
            </td>
            <td>
              Robert
            </td>
          </tr>
          <tr>
            <td>
              Middle Name
            </td>
            <td>
              Norman
            </td>
          </tr>
          <tr>
            <td>
              Last Name
            </td>
            <td>
              Ross
            </td>
          </tr>
          <tr>
            <td>
              City and Country of Birth
            </td>
            <td>
              Daytona Beach, Florida
            </td>
          </tr>
          <tr>
            <td>
              Birth Date
            </td>
            <td>
              1942-10-29
            </td>
          </tr>
          <tr>
            <td>
              Sex
            </td>
            <td>
              Male
            </td>
          </tr>
          <tr>
            <td>
              BC Driver's Licence
            </td>
            <td>
              1234567
            </td>
          </tr>
        </tbody>
      </table>
      <table>
        <thead>
          <tr>
            <th
              colSpan="2"
            >
              <div>
                PREVIOUS NAMES
                <span
                  className="smallTableHeader"
                >
                  (Including birth name, previous name, maiden name, and alias)
                </span>
              </div>
            </th>
          </tr>
        </thead>
        <tbody>
          <tr>
            <td>
              First Name
            </td>
            <td>
              Robert
            </td>
          </tr>
          <tr>
            <td>
              Middle Name
            </td>
            <td>
              Norman
            </td>
          </tr>
          <tr>
            <td>
              Last Name
            </td>
            <td>
              Ross
            </td>
          </tr>
          <tr>
            <td>
              First Name
            </td>
            <td>
              Robert
            </td>
          </tr>
          <tr>
            <td>
              Middle Name
            </td>
            <td>
              Norman
            </td>
          </tr>
          <tr>
            <td>
              Last Name
            </td>
            <td>
              Ross
            </td>
          </tr>
          <tr>
            <td>
              First Name
            </td>
            <td>
              Robert
            </td>
          </tr>
          <tr>
            <td>
              Middle Name
            </td>
            <td>
              Norman
            </td>
          </tr>
          <tr>
            <td>
              Last Name
            </td>
            <td>
              Ross
            </td>
          </tr>
        </tbody>
      </table>
      <table>
        <thead>
          <tr>
            <th
              colSpan="2"
            >
              POSITION WITH ORGANIZATION
            </th>
          </tr>
        </thead>
        <tbody>
          <tr>
            <td>
              Your Position/Job Title
            </td>
            <td>
              Painter
            </td>
          </tr>
          <tr>
            <td>
              Organization Facility
            </td>
            <td>
              Something
            </td>
          </tr>
        </tbody>
      </table>
      <table>
        <thead>
          <tr>
            <th
              colSpan="2"
            >
              CONTACT INFORMATION
            </th>
          </tr>
        </thead>
        <tbody>
          <tr>
            <td>
              Residential Address
            </td>
            <td>
              123 Somewhere
            </td>
          </tr>
          <tr>
            <td>
              City
            </td>
            <td>
              Here
            </td>
          </tr>
          <tr>
            <td>
              Province
            </td>
            <td>
              British Columbia
            </td>
          </tr>
          <tr>
            <td>
              Postal Code
            </td>
            <td>
              V9V 9V9
            </td>
          </tr>
          <tr>
            <td>
              Country
            </td>
            <td>
              Canada
            </td>
          </tr>
          <tr>
            <td>
              Primary Phone Number
            </td>
            <td>
              2501234567
            </td>
          </tr>
          <tr>
            <td>
              Personal Email Address
            </td>
            <td>
              bob.ross@example.com
            </td>
          </tr>
        </tbody>
      </table>
      <table>
        <thead>
          <tr>
            <th
              colSpan="2"
            >
              MAILING ADDRESS
            </th>
          </tr>
        </thead>
        <tbody>
          <tr>
            <td>
              Mailing Address
            </td>
            <td>
              456 Elsewhere
            </td>
          </tr>
          <tr>
            <td>
              City
            </td>
            <td>
              There
            </td>
          </tr>
          <tr>
            <td>
              Province
            </td>
            <td>
              Ontario
            </td>
          </tr>
          <tr>
            <td>
              Postal Code
            </td>
            <td>
              V1V 1A1
            </td>
          </tr>
          <tr>
            <td>
              Country
            </td>
            <td>
              Canada
            </td>
          </tr>
        </tbody>
      </table>
      <div
        className="declareTitle"
      >
        DECLARATION
      </div>
      <section
        className="declareSection"
      >
        <input
          onClick={[Function]}
          type="checkbox"
        />
        <span
          className="declaration-cb"
        >
          I certify that, to the best of my knowledge, the information I have provided on my application is complete, honest and accurate. Any false statements or deliberate omissions on a consent form filed with the CRRP may result in the inability of the CRRP to accurately determine whether the applicant poses a risk to children or vulnerable adults.
        </span>
      </section>
      <div
        className="buttons"
      >
        <button
          className="btn ecrc_accessary_btn btn btn-sm"
          onClick={[Function]}
          type="submit"
        >
          EDIT APPLICATION
          <div
            className="loader-hide"
          >
            <div
              className="btn-loader"
            />
          </div>
        </button>
        <button
          className="btn ecrc_go_btn btn btn-sm"
          disabled={true}
          onClick={[Function]}
          type="submit"
        >
          SUBMIT
          <div
            className="loader-hide"
          >
            <div
              className="btn-loader"
            />
          </div>
        </button>
      </div>
    </div>
    <div
      className="sidecard"
    >
      <div>
        <div
          className="dashboard-spacing"
          style={
            Object {
              "position": "relative",
            }
          }
        >
          <div
            className="row"
          >
            <div
              className="col-12"
              style={
                Object {
                  "paddingTop": "30px",
                  "position": "relative",
                }
              }
            >
              <p />
              <section
                className="submit-container"
                id="blue-section"
              >
                <h2
                  className="heading-style"
                >
                  <div
                    className="row"
                  >
                    <div
                      className="round-icon-wrapper"
                    >
                      <svg
                        className="side-card-icon"
                        fill="currentColor"
                        height="1em"
                        stroke="currentColor"
                        strokeWidth="0"
                        style={
                          Object {
                            "color": undefined,
                          }
                        }
                        viewBox="0 0 384 512"
                        width="1em"
                        xmlns="http://www.w3.org/2000/svg"
                      >
                        <path
                          d="M202.021 0C122.202 0 70.503 32.703 29.914 91.026c-7.363 10.58-5.093 25.086 5.178 32.874l43.138 32.709c10.373 7.865 25.132 6.026 33.253-4.148 25.049-31.381 43.63-49.449 82.757-49.449 30.764 0 68.816 19.799 68.816 49.631 0 22.552-18.617 34.134-48.993 51.164-35.423 19.86-82.299 44.576-82.299 106.405V320c0 13.255 10.745 24 24 24h72.471c13.255 0 24-10.745 24-24v-5.773c0-42.86 125.268-44.645 125.268-160.627C377.504 66.256 286.902 0 202.021 0zM192 373.459c-38.196 0-69.271 31.075-69.271 69.271 0 38.195 31.075 69.27 69.271 69.27s69.271-31.075 69.271-69.271-31.075-69.27-69.271-69.27z"
                        />
                      </svg>
                    </div>
                    <div
                      className="sideCardTitle"
                    >
                      Update your BC Services Card Information
                    </div>
                  </div>
                </h2>
                <div
                  className="submit-content"
                >
                  <span>
                    If you find an error with your:
                    <ul
                      className="discStyle"
                    >
                      <li>
                        First Name
                      </li>
                      <li>
                        Middle Name
                      </li>
                      <li>
                        Last Name
                      </li>
                      <li>
                        Date of Birth
                      </li>
                      <li>
                        Sex
                      </li>
                      <li>
                        Current Street Address
                      </li>
                    </ul>
                    Please contact either 
                    <a
                      className="link"
                      href="https://www2.gov.bc.ca/gov/content/governments/organizational-structure/ministries-organizations/ministries/citizens-services/servicebc"
                    >
                      Service BC
                    </a>
                    , 
                    <a
                      className="link"
                      href="https://www.icbc.com/Pages/default.aspx"
                    >
                      ICBC
                    </a>
                     or 
                    <a
                      className="link"
                      href="https://www.addresschange.gov.bc.ca/"
                    >
                      AddressChangeBC
                    </a>
                     to correct it.
                  </span>
                </div>
              </section>
            </div>
          </div>
        </div>
      </div>
    </div>
  </div>
  <footer
    className="footer"
  >
    <nav
      className="navbar navbar-expand-sm navbar-dark"
    >
      <div
        className="container"
      >
        <ul
          className="navbar-nav"
        >
          <li
            className="nav-item"
          >
            <a
              className="nav-link"
              href="https://www2.gov.bc.ca/gov/content/home/disclaimer"
              rel="noopener noreferrer"
              target="_blank"
            >
              Disclaimer
            </a>
          </li>
          <li
            className="nav-item"
          >
            <a
              className="nav-link"
              href="https://www2.gov.bc.ca/gov/content/home/privacy"
              rel="noopener noreferrer"
              target="_blank"
            >
              Privacy
            </a>
          </li>
          <li
            className="nav-item"
          >
            <a
              className="nav-link"
              href="https://www2.gov.bc.ca/gov/content/home/accessibility"
              rel="noopener noreferrer"
              target="_blank"
            >
              Accessibility
            </a>
          </li>
          <li
            className="nav-item"
          >
            <a
              className="nav-link"
              href="https://www2.gov.bc.ca/gov/content/home/copyright"
              rel="noopener noreferrer"
              target="_blank"
            >
              Copyright
            </a>
          </li>
          <li
            className="nav-item"
          >
            <a
              className="nav-link"
              href="https://www2.gov.bc.ca/gov/content/home/contact-us"
              rel="noopener noreferrer"
              target="_blank"
            >
              Contact Us
            </a>
          </li>
        </ul>
      </div>
    </nav>
  </footer>
</main>
`;
