// Jest Snapshot v1, https://goo.gl/fbAQLP

exports[`Button Component Matches the snapshot 1`] = `
<button
  className="btn-warning btn-sm"
  onClick={[Function]}
  type="button"
>
  test
  <div
    className="loader-hide"
  >
    <div
      className="btn-loader"
    />
  </div>
</button>
`;
